// Bun Snapshot v1, https://goo.gl/fbAQLP

exports[`b 1`] = `"b"`;
